Archive member included to satisfy reference by file (symbol)

/Users/rbaron/homebrew/Caskroom/gcc-arm-embedded/7-2017-q4-major/gcc-arm-none-eabi-7-2017-q4-major/bin/../lib/gcc/arm-none-eabi/7.2.1/../../../../arm-none-eabi/lib/thumb/v6-m/libc_nano.a(lib_a-exit.o)
                              /Users/rbaron/homebrew/Caskroom/gcc-arm-embedded/7-2017-q4-major/gcc-arm-none-eabi-7-2017-q4-major/bin/../lib/gcc/arm-none-eabi/7.2.1/../../../../arm-none-eabi/lib/thumb/v6-m/crt0.o (exit)
/Users/rbaron/homebrew/Caskroom/gcc-arm-embedded/7-2017-q4-major/gcc-arm-none-eabi-7-2017-q4-major/bin/../lib/gcc/arm-none-eabi/7.2.1/../../../../arm-none-eabi/lib/thumb/v6-m/libc_nano.a(lib_a-impure.o)
                              /Users/rbaron/homebrew/Caskroom/gcc-arm-embedded/7-2017-q4-major/gcc-arm-none-eabi-7-2017-q4-major/bin/../lib/gcc/arm-none-eabi/7.2.1/../../../../arm-none-eabi/lib/thumb/v6-m/libc_nano.a(lib_a-exit.o) (_global_impure_ptr)
/Users/rbaron/homebrew/Caskroom/gcc-arm-embedded/7-2017-q4-major/gcc-arm-none-eabi-7-2017-q4-major/bin/../lib/gcc/arm-none-eabi/7.2.1/../../../../arm-none-eabi/lib/thumb/v6-m/libc_nano.a(lib_a-init.o)
                              /Users/rbaron/homebrew/Caskroom/gcc-arm-embedded/7-2017-q4-major/gcc-arm-none-eabi-7-2017-q4-major/bin/../lib/gcc/arm-none-eabi/7.2.1/../../../../arm-none-eabi/lib/thumb/v6-m/crt0.o (__libc_init_array)
/Users/rbaron/homebrew/Caskroom/gcc-arm-embedded/7-2017-q4-major/gcc-arm-none-eabi-7-2017-q4-major/bin/../lib/gcc/arm-none-eabi/7.2.1/../../../../arm-none-eabi/lib/thumb/v6-m/libc_nano.a(lib_a-memset.o)
                              /Users/rbaron/homebrew/Caskroom/gcc-arm-embedded/7-2017-q4-major/gcc-arm-none-eabi-7-2017-q4-major/bin/../lib/gcc/arm-none-eabi/7.2.1/../../../../arm-none-eabi/lib/thumb/v6-m/crt0.o (memset)
/Users/rbaron/homebrew/Caskroom/gcc-arm-embedded/7-2017-q4-major/gcc-arm-none-eabi-7-2017-q4-major/bin/../lib/gcc/arm-none-eabi/7.2.1/../../../../arm-none-eabi/lib/thumb/v6-m/libnosys.a(_exit.o)
                              /Users/rbaron/homebrew/Caskroom/gcc-arm-embedded/7-2017-q4-major/gcc-arm-none-eabi-7-2017-q4-major/bin/../lib/gcc/arm-none-eabi/7.2.1/../../../../arm-none-eabi/lib/thumb/v6-m/libc_nano.a(lib_a-exit.o) (_exit)
/Users/rbaron/homebrew/Caskroom/gcc-arm-embedded/7-2017-q4-major/gcc-arm-none-eabi-7-2017-q4-major/bin/../lib/gcc/arm-none-eabi/7.2.1/../../../../arm-none-eabi/lib/thumb/v6-m/libc_nano.a(lib_a-memcpy-stub.o)
                              _build/nrf51422_xxac_SEGGER_RTT.c.o (memcpy)
/Users/rbaron/homebrew/Caskroom/gcc-arm-embedded/7-2017-q4-major/gcc-arm-none-eabi-7-2017-q4-major/bin/../lib/gcc/arm-none-eabi/7.2.1/../../../../arm-none-eabi/lib/thumb/v6-m/libc_nano.a(lib_a-strcpy.o)
                              _build/nrf51422_xxac_SEGGER_RTT.c.o (strcpy)
/Users/rbaron/homebrew/Caskroom/gcc-arm-embedded/7-2017-q4-major/gcc-arm-none-eabi-7-2017-q4-major/bin/../lib/gcc/arm-none-eabi/7.2.1/../../../../arm-none-eabi/lib/thumb/v6-m/libc_nano.a(lib_a-strlen.o)
                              _build/nrf51422_xxac_SEGGER_RTT.c.o (strlen)

Allocating common symbols
Common symbol       size              file

nrf_nvic_state      0x8               _build/nrf51422_xxac_app_util_platform.c.o
_SEGGER_RTT         0x78              _build/nrf51422_xxac_SEGGER_RTT.c.o

Discarded input sections

 .text          0x0000000000000000        0x0 /Users/rbaron/homebrew/Caskroom/gcc-arm-embedded/7-2017-q4-major/gcc-arm-none-eabi-7-2017-q4-major/bin/../lib/gcc/arm-none-eabi/7.2.1/thumb/v6-m/crti.o
 .data          0x0000000000000000        0x0 /Users/rbaron/homebrew/Caskroom/gcc-arm-embedded/7-2017-q4-major/gcc-arm-none-eabi-7-2017-q4-major/bin/../lib/gcc/arm-none-eabi/7.2.1/thumb/v6-m/crti.o
 .bss           0x0000000000000000        0x0 /Users/rbaron/homebrew/Caskroom/gcc-arm-embedded/7-2017-q4-major/gcc-arm-none-eabi-7-2017-q4-major/bin/../lib/gcc/arm-none-eabi/7.2.1/thumb/v6-m/crti.o
 .data          0x0000000000000000        0x4 /Users/rbaron/homebrew/Caskroom/gcc-arm-embedded/7-2017-q4-major/gcc-arm-none-eabi-7-2017-q4-major/bin/../lib/gcc/arm-none-eabi/7.2.1/thumb/v6-m/crtbegin.o
 .data          0x0000000000000000        0x0 /Users/rbaron/homebrew/Caskroom/gcc-arm-embedded/7-2017-q4-major/gcc-arm-none-eabi-7-2017-q4-major/bin/../lib/gcc/arm-none-eabi/7.2.1/../../../../arm-none-eabi/lib/thumb/v6-m/crt0.o
 .bss           0x0000000000000000        0x0 /Users/rbaron/homebrew/Caskroom/gcc-arm-embedded/7-2017-q4-major/gcc-arm-none-eabi-7-2017-q4-major/bin/../lib/gcc/arm-none-eabi/7.2.1/../../../../arm-none-eabi/lib/thumb/v6-m/crt0.o
 .ARM.extab     0x0000000000000000        0x0 /Users/rbaron/homebrew/Caskroom/gcc-arm-embedded/7-2017-q4-major/gcc-arm-none-eabi-7-2017-q4-major/bin/../lib/gcc/arm-none-eabi/7.2.1/../../../../arm-none-eabi/lib/thumb/v6-m/crt0.o
[...]
Memory Configuration

Name             Origin             Length             Attributes
FLASH            0x000000000001b000 0x0000000000025000 xr
RAM              0x00000000200013c8 0x0000000000002000 xrw
*default*        0x0000000000000000 0xffffffffffffffff

Linker script and memory map


.text           0x000000000001b000     0x1000
 *(.isr_vector)
 .isr_vector    0x000000000001b000       0xc0 _build/nrf51422_xxac_gcc_startup_nrf51.S.o
                0x000000000001b000                __isr_vector
 *(.text*)
 .text          0x000000000001b0c0       0x48 /Users/rbaron/homebrew/Caskroom/gcc-arm-embedded/7-2017-q4-major/gcc-arm-none-eabi-7-2017-q4-major/bin/../lib/gcc/arm-none-eabi/7.2.1/thumb/v6-m/crtbegin.o
 .text          0x000000000001b108       0x78 /Users/rbaron/homebrew/Caskroom/gcc-arm-embedded/7-2017-q4-major/gcc-arm-none-eabi-7-2017-q4-major/bin/../lib/gcc/arm-none-eabi/7.2.1/../../../../arm-none-eabi/lib/thumb/v6-m/crt0.o
                0x000000000001b108                _mainCRTStartup
                0x000000000001b108                _start
 .text.exit     0x000000000001b180       0x2c /Users/rbaron/homebrew/Caskroom/gcc-arm-embedded/7-2017-q4-major/gcc-arm-none-eabi-7-2017-q4-major/bin/../lib/gcc/arm-none-eabi/7.2.1/../../../../arm-none-eabi/lib/thumb/v6-m/libc_nano.a(lib_a-exit.o)
                0x000000000001b180                exit
 .text.__libc_init_array
                0x000000000001b1ac       0x48 /Users/rbaron/homebrew/Caskroom/gcc-arm-embedded/7-2017-q4-major/gcc-arm-none-eabi-7-2017-q4-major/bin/../lib/gcc/arm-none-eabi/7.2.1/../../../../arm-none-eabi/lib/thumb/v6-m/libc_nano.a(lib_a-init.o)
                0x000000000001b1ac                __libc_init_array
 .text.memset   0x000000000001b1f4       0x10 /Users/rbaron/homebrew/Caskroom/gcc-arm-embedded/7-2017-q4-major/gcc-arm-none-eabi-7-2017-q4-major/bin/../lib/gcc/arm-none-eabi/7.2.1/../../../../arm-none-eabi/lib/thumb/v6-m/libc_nano.a(lib_a-memset.o)
                0x000000000001b1f4                memset
 .text._exit    0x000000000001b204        0x4 /Users/rbaron/homebrew/Caskroom/gcc-arm-embedded/7-2017-q4-major/gcc-arm-none-eabi-7-2017-q4-major/bin/../lib/gcc/arm-none-eabi/7.2.1/../../../../arm-none-eabi/lib/thumb/v6-m/libnosys.a(_exit.o)
                0x000000000001b204                _exit
 .text.app_error_handler_bare
                0x000000000001b208       0x20 _build/nrf51422_xxac_app_error.c.o
                0x000000000001b208                app_error_handler_bare
 .text.app_error_fault_handler
                0x000000000001b228       0x1c _build/nrf51422_xxac_app_error_weak.c.o
                0x000000000001b228                app_error_fault_handler
 .text.RTC1_IRQHandler
                0x000000000001b244       0xdc _build/nrf51422_xxac_app_timer.c.o
                0x000000000001b244                RTC1_IRQHandler
 .text.SWI0_IRQHandler
                0x000000000001b320      0x4e0 _build/nrf51422_xxac_app_timer.c.o
                0x000000000001b320                SWI0_IRQHandler
 .text.app_util_critical_region_enter
                0x000000000001b800       0x40 _build/nrf51422_xxac_app_util_platform.c.o
                0x000000000001b800                app_util_critical_region_enter
 .text.app_util_critical_region_exit
                0x000000000001b840       0x2c _build/nrf51422_xxac_app_util_platform.c.o
                0x000000000001b840                app_util_critical_region_exit
 .text.POWER_CLOCK_IRQHandler
                0x000000000001b86c       0x78 _build/nrf51422_xxac_nrf_drv_clock.c.o
                0x000000000001b86c                POWER_CLOCK_IRQHandler
 .text.nrf_drv_clock_on_soc_event
                0x000000000001b8e4       0x24 _build/nrf51422_xxac_nrf_drv_clock.c.o
                0x000000000001b8e4                nrf_drv_clock_on_soc_event
 .text.UART0_IRQHandler
                0x000000000001b908      0x198 _build/nrf51422_xxac_nrf_drv_uart.c.o
                0x000000000001b908                UART0_IRQHandler
 .text.startup.main
                0x000000000001baa0       0xa0 _build/nrf51422_xxac_main.c.o
                0x000000000001baa0                main
 .text.SEGGER_RTT_WriteString
                0x000000000001bb40      0x1f4 _build/nrf51422_xxac_SEGGER_RTT.c.o
                0x000000000001bb40                SEGGER_RTT_WriteString
 .text          0x000000000001bd34       0x4c _build/nrf51422_xxac_gcc_startup_nrf51.S.o
                0x000000000001bd34                Reset_Handler
                0x000000000001bd74                NMI_Handler
                0x000000000001bd76                HardFault_Handler
                0x000000000001bd78                SVC_Handler
                0x000000000001bd7a                PendSV_Handler
                0x000000000001bd7c                SysTick_Handler
                0x000000000001bd7e                SWI4_IRQHandler
                0x000000000001bd7e                TEMP_IRQHandler
                0x000000000001bd7e                QDEC_IRQHandler
                0x000000000001bd7e                SWI5_IRQHandler
                0x000000000001bd7e                TIMER0_IRQHandler
                0x000000000001bd7e                TIMER1_IRQHandler
                0x000000000001bd7e                ECB_IRQHandler
                0x000000000001bd7e                Default_Handler
                0x000000000001bd7e                ADC_IRQHandler
                0x000000000001bd7e                SWI3_IRQHandler
                0x000000000001bd7e                CCM_AAR_IRQHandler
                0x000000000001bd7e                WDT_IRQHandler
                0x000000000001bd7e                RNG_IRQHandler
                0x000000000001bd7e                SPI1_TWI1_IRQHandler
                0x000000000001bd7e                TIMER2_IRQHandler
                0x000000000001bd7e                SWI1_IRQHandler
                0x000000000001bd7e                SPI0_TWI0_IRQHandler
                0x000000000001bd7e                RTC0_IRQHandler
                0x000000000001bd7e                GPIOTE_IRQHandler
                0x000000000001bd7e                RADIO_IRQHandler
                0x000000000001bd7e                LPCOMP_IRQHandler
 .text.SystemInit
                0x000000000001bd80       0xe4 _build/nrf51422_xxac_system_nrf51.c.o
                0x000000000001bd80                SystemInit
 .text.sd_evt_get
                0x000000000001be64        0x4 _build/nrf51422_xxac_softdevice_handler.c.o
 .text.sd_ble_evt_get
                0x000000000001be68        0x4 _build/nrf51422_xxac_softdevice_handler.c.o
 .text.intern_softdevice_events_execute.part.1
                0x000000000001be6c       0xd8 _build/nrf51422_xxac_softdevice_handler.c.o
 .text.SWI2_IRQHandler
                0x000000000001bf44       0x30 _build/nrf51422_xxac_softdevice_handler.c.o
                0x000000000001bf44                SWI2_IRQHandler
 .text.memcpy   0x000000000001bf74       0x12 /Users/rbaron/homebrew/Caskroom/gcc-arm-embedded/7-2017-q4-major/gcc-arm-none-eabi-7-2017-q4-major/bin/../lib/gcc/arm-none-eabi/7.2.1/../../../../arm-none-eabi/lib/thumb/v6-m/libc_nano.a(lib_a-memcpy-stub.o)
                0x000000000001bf74                memcpy
 .text.strcpy   0x000000000001bf86       0x10 /Users/rbaron/homebrew/Caskroom/gcc-arm-embedded/7-2017-q4-major/gcc-arm-none-eabi-7-2017-q4-major/bin/../lib/gcc/arm-none-eabi/7.2.1/../../../../arm-none-eabi/lib/thumb/v6-m/libc_nano.a(lib_a-strcpy.o)
                0x000000000001bf86                strcpy
 .text          0x000000000001bf96        0xe /Users/rbaron/homebrew/Caskroom/gcc-arm-embedded/7-2017-q4-major/gcc-arm-none-eabi-7-2017-q4-major/bin/../lib/gcc/arm-none-eabi/7.2.1/../../../../arm-none-eabi/lib/thumb/v6-m/libc_nano.a(lib_a-strlen.o)
                0x000000000001bf96                strlen
 *(.init)
 .init          0x000000000001bfa4        0x4 /Users/rbaron/homebrew/Caskroom/gcc-arm-embedded/7-2017-q4-major/gcc-arm-none-eabi-7-2017-q4-major/bin/../lib/gcc/arm-none-eabi/7.2.1/thumb/v6-m/crti.o
                0x000000000001bfa4                _init
 .init          0x000000000001bfa8        0x8 /Users/rbaron/homebrew/Caskroom/gcc-arm-embedded/7-2017-q4-major/gcc-arm-none-eabi-7-2017-q4-major/bin/../lib/gcc/arm-none-eabi/7.2.1/thumb/v6-m/crtn.o
 *(.fini)
 .fini          0x000000000001bfb0        0x4 /Users/rbaron/homebrew/Caskroom/gcc-arm-embedded/7-2017-q4-major/gcc-arm-none-eabi-7-2017-q4-major/bin/../lib/gcc/arm-none-eabi/7.2.1/thumb/v6-m/crti.o
                0x000000000001bfb0                _fini
 .fini          0x000000000001bfb4        0x8 /Users/rbaron/homebrew/Caskroom/gcc-arm-embedded/7-2017-q4-major/gcc-arm-none-eabi-7-2017-q4-major/bin/../lib/gcc/arm-none-eabi/7.2.1/thumb/v6-m/crtn.o
 *crtbegin.o(.ctors)
 *crtbegin?.o(.ctors)
 *(EXCLUDE_FILE(*crtend.o *crtend?.o) .ctors)
 *(SORT_BY_NAME(.ctors.*))
 *(.ctors)
 *crtbegin.o(.dtors)
 *crtbegin?.o(.dtors)
 *(EXCLUDE_FILE(*crtend.o *crtend?.o) .dtors)
 *(SORT_BY_NAME(.dtors.*))
 *(.dtors)
 *(.rodata*)
 .rodata._global_impure_ptr
                0x000000000001bfbc        0x4 /Users/rbaron/homebrew/Caskroom/gcc-arm-embedded/7-2017-q4-major/gcc-arm-none-eabi-7-2017-q4-major/bin/../lib/gcc/arm-none-eabi/7.2.1/../../../../arm-none-eabi/lib/thumb/v6-m/libc_nano.a(lib_a-impure.o)
                0x000000000001bfbc                _global_impure_ptr
 .rodata.main.str1.4
                0x000000000001bfc0       0x22 _build/nrf51422_xxac_main.c.o
 *fill*         0x000000000001bfe2        0x2 
 .rodata.SEGGER_RTT_ReadNoLock.str1.4
                0x000000000001bfe4       0x18 _build/nrf51422_xxac_SEGGER_RTT.c.o
                                         0x17 (size before relaxing)
 *(.eh_frame*)
 .eh_frame      0x000000000001bffc        0x0 /Users/rbaron/homebrew/Caskroom/gcc-arm-embedded/7-2017-q4-major/gcc-arm-none-eabi-7-2017-q4-major/bin/../lib/gcc/arm-none-eabi/7.2.1/thumb/v6-m/crtbegin.o
 .eh_frame      0x000000000001bffc        0x4 /Users/rbaron/homebrew/Caskroom/gcc-arm-embedded/7-2017-q4-major/gcc-arm-none-eabi-7-2017-q4-major/bin/../lib/gcc/arm-none-eabi/7.2.1/thumb/v6-m/crtend.o

.glue_7         0x000000000001c000        0x0
 .glue_7        0x000000000001c000        0x0 linker stubs

.glue_7t        0x000000000001c000        0x0
 .glue_7t       0x000000000001c000        0x0 linker stubs

.vfp11_veneer   0x000000000001c000        0x0
 .vfp11_veneer  0x000000000001c000        0x0 linker stubs

.v4_bx          0x000000000001c000        0x0
 .v4_bx         0x000000000001c000        0x0 linker stubs

.iplt           0x000000000001c000        0x0
 .iplt          0x000000000001c000        0x0 /Users/rbaron/homebrew/Caskroom/gcc-arm-embedded/7-2017-q4-major/gcc-arm-none-eabi-7-2017-q4-major/bin/../lib/gcc/arm-none-eabi/7.2.1/thumb/v6-m/crtbegin.o

.ARM.extab
 *(.ARM.extab* .gnu.linkonce.armextab.*)
                0x000000000001c000                __exidx_start = .

.ARM.exidx      0x000000000001c000        0x8
 *(.ARM.exidx* .gnu.linkonce.armexidx.*)
 .ARM.exidx     0x000000000001c000        0x8 /Users/rbaron/homebrew/Caskroom/gcc-arm-embedded/7-2017-q4-major/gcc-arm-none-eabi-7-2017-q4-major/bin/../lib/gcc/arm-none-eabi/7.2.1/../../../../arm-none-eabi/lib/thumb/v6-m/crt0.o
                0x000000000001c008                __exidx_end = .
                0x000000000001c008                __etext = .

.rel.dyn        0x000000000001c008        0x0
 .rel.iplt      0x000000000001c008        0x0 /Users/rbaron/homebrew/Caskroom/gcc-arm-embedded/7-2017-q4-major/gcc-arm-none-eabi-7-2017-q4-major/bin/../lib/gcc/arm-none-eabi/7.2.1/thumb/v6-m/crtbegin.o

.data           0x00000000200013c8       0x6c load address 0x000000000001c008
                0x00000000200013c8                __data_start__ = .
 *(vtable)
 *(.data*)
 .data.impure_data
                0x00000000200013c8       0x60 /Users/rbaron/homebrew/Caskroom/gcc-arm-embedded/7-2017-q4-major/gcc-arm-none-eabi-7-2017-q4-major/bin/../lib/gcc/arm-none-eabi/7.2.1/../../../../arm-none-eabi/lib/thumb/v6-m/libc_nano.a(lib_a-impure.o)
 .data.SystemCoreClock
                0x0000000020001428        0x4 _build/nrf51422_xxac_system_nrf51.c.o
                0x0000000020001428                SystemCoreClock
                0x000000002000142c                . = ALIGN (0x4)
                0x000000002000142c                PROVIDE (__preinit_array_start, .)
 *(.preinit_array)
                0x000000002000142c                PROVIDE (__preinit_array_end, .)
                0x000000002000142c                . = ALIGN (0x4)
                0x000000002000142c                PROVIDE (__init_array_start, .)
 *(SORT_BY_NAME(.init_array.*))
 *(.init_array)
 .init_array    0x000000002000142c        0x4 /Users/rbaron/homebrew/Caskroom/gcc-arm-embedded/7-2017-q4-major/gcc-arm-none-eabi-7-2017-q4-major/bin/../lib/gcc/arm-none-eabi/7.2.1/thumb/v6-m/crtbegin.o
                0x0000000020001430                PROVIDE (__init_array_end, .)
                0x0000000020001430                . = ALIGN (0x4)
                [!provide]                        PROVIDE (__fini_array_start, .)
 *(SORT_BY_NAME(.fini_array.*))
 *(.fini_array)
 .fini_array    0x0000000020001430        0x4 /Users/rbaron/homebrew/Caskroom/gcc-arm-embedded/7-2017-q4-major/gcc-arm-none-eabi-7-2017-q4-major/bin/../lib/gcc/arm-none-eabi/7.2.1/thumb/v6-m/crtbegin.o
                [!provide]                        PROVIDE (__fini_array_end, .)
 *(.jcr*)
                0x0000000020001434                . = ALIGN (0x4)
                0x0000000020001434                __data_end__ = .
LOAD /Users/rbaron/homebrew/Caskroom/gcc-arm-embedded/7-2017-q4-major/gcc-arm-none-eabi-7-2017-q4-major/bin/../lib/gcc/arm-none-eabi/7.2.1/thumb/v6-m/crti.o
LOAD /Users/rbaron/homebrew/Caskroom/gcc-arm-embedded/7-2017-q4-major/gcc-arm-none-eabi-7-2017-q4-major/bin/../lib/gcc/arm-none-eabi/7.2.1/thumb/v6-m/crtbegin.o
LOAD /Users/rbaron/homebrew/Caskroom/gcc-arm-embedded/7-2017-q4-major/gcc-arm-none-eabi-7-2017-q4-major/bin/../lib/gcc/arm-none-eabi/7.2.1/../../../../arm-none-eabi/lib/thumb/v6-m/crt0.o
LOAD /Users/rbaron/homebrew/Caskroom/gcc-arm-embedded/7-2017-q4-major/gcc-arm-none-eabi-7-2017-q4-major/bin/../lib/gcc/arm-none-eabi/7.2.1/../../../../arm-none-eabi/lib/thumb/v6-m/libc_nano.a
LOAD /Users/rbaron/homebrew/Caskroom/gcc-arm-embedded/7-2017-q4-major/gcc-arm-none-eabi-7-2017-q4-major/bin/../lib/gcc/arm-none-eabi/7.2.1/../../../../arm-none-eabi/lib/thumb/v6-m/libnosys.a
LOAD _build/nrf51422_xxac_nrf_log_backend_serial.c.o
LOAD _build/nrf51422_xxac_nrf_log_frontend.c.o
LOAD _build/nrf51422_xxac_app_error.c.o
LOAD _build/nrf51422_xxac_app_error_weak.c.o
LOAD _build/nrf51422_xxac_app_timer.c.o
LOAD _build/nrf51422_xxac_app_util_platform.c.o
LOAD _build/nrf51422_xxac_hardfault_implementation.c.o
LOAD _build/nrf51422_xxac_nrf_assert.c.o
LOAD _build/nrf51422_xxac_sdk_errors.c.o
LOAD _build/nrf51422_xxac_boards.c.o
LOAD _build/nrf51422_xxac_nrf_drv_clock.c.o
LOAD _build/nrf51422_xxac_nrf_drv_common.c.o
LOAD _build/nrf51422_xxac_nrf_drv_uart.c.o
LOAD _build/nrf51422_xxac_main.c.o
LOAD _build/nrf51422_xxac_RTT_Syscalls_GCC.c.o
LOAD _build/nrf51422_xxac_SEGGER_RTT.c.o
LOAD _build/nrf51422_xxac_SEGGER_RTT_printf.c.o
LOAD _build/nrf51422_xxac_gcc_startup_nrf51.S.o
LOAD _build/nrf51422_xxac_system_nrf51.c.o
LOAD _build/nrf51422_xxac_softdevice_handler.c.o
LOAD /Users/rbaron/homebrew/Caskroom/gcc-arm-embedded/7-2017-q4-major/gcc-arm-none-eabi-7-2017-q4-major/bin/../lib/gcc/arm-none-eabi/7.2.1/../../../../arm-none-eabi/lib/thumb/v6-m/libm.a
START GROUP
LOAD /Users/rbaron/homebrew/Caskroom/gcc-arm-embedded/7-2017-q4-major/gcc-arm-none-eabi-7-2017-q4-major/bin/../lib/gcc/arm-none-eabi/7.2.1/thumb/v6-m/libgcc.a
LOAD /Users/rbaron/homebrew/Caskroom/gcc-arm-embedded/7-2017-q4-major/gcc-arm-none-eabi-7-2017-q4-major/bin/../lib/gcc/arm-none-eabi/7.2.1/../../../../arm-none-eabi/lib/thumb/v6-m/libc_nano.a
END GROUP
START GROUP
LOAD /Users/rbaron/homebrew/Caskroom/gcc-arm-embedded/7-2017-q4-major/gcc-arm-none-eabi-7-2017-q4-major/bin/../lib/gcc/arm-none-eabi/7.2.1/thumb/v6-m/libgcc.a
LOAD /Users/rbaron/homebrew/Caskroom/gcc-arm-embedded/7-2017-q4-major/gcc-arm-none-eabi-7-2017-q4-major/bin/../lib/gcc/arm-none-eabi/7.2.1/../../../../arm-none-eabi/lib/thumb/v6-m/libc_nano.a
END GROUP
LOAD /Users/rbaron/homebrew/Caskroom/gcc-arm-embedded/7-2017-q4-major/gcc-arm-none-eabi-7-2017-q4-major/bin/../lib/gcc/arm-none-eabi/7.2.1/thumb/v6-m/crtend.o
LOAD /Users/rbaron/homebrew/Caskroom/gcc-arm-embedded/7-2017-q4-major/gcc-arm-none-eabi-7-2017-q4-major/bin/../lib/gcc/arm-none-eabi/7.2.1/thumb/v6-m/crtn.o
START GROUP
LOAD /Users/rbaron/homebrew/Caskroom/gcc-arm-embedded/7-2017-q4-major/gcc-arm-none-eabi-7-2017-q4-major/bin/../lib/gcc/arm-none-eabi/7.2.1/thumb/v6-m/libgcc.a
LOAD /Users/rbaron/homebrew/Caskroom/gcc-arm-embedded/7-2017-q4-major/gcc-arm-none-eabi-7-2017-q4-major/bin/../lib/gcc/arm-none-eabi/7.2.1/../../../../arm-none-eabi/lib/thumb/v6-m/libc.a
LOAD /Users/rbaron/homebrew/Caskroom/gcc-arm-embedded/7-2017-q4-major/gcc-arm-none-eabi-7-2017-q4-major/bin/../lib/gcc/arm-none-eabi/7.2.1/../../../../arm-none-eabi/lib/thumb/v6-m/libnosys.a
END GROUP

.igot.plt       0x0000000020001434        0x0 load address 0x000000000001c074
 .igot.plt      0x0000000020001434        0x0 /Users/rbaron/homebrew/Caskroom/gcc-arm-embedded/7-2017-q4-major/gcc-arm-none-eabi-7-2017-q4-major/bin/../lib/gcc/arm-none-eabi/7.2.1/thumb/v6-m/crtbegin.o

.fs_data        0x0000000020001434        0x0
                [!provide]                        PROVIDE (__start_fs_data, .)
 *(.fs_data)
                [!provide]                        PROVIDE (__stop_fs_data, .)

.pwr_mgmt_data  0x0000000020001434        0x0
                [!provide]                        PROVIDE (__start_pwr_mgmt_data, .)
 *(.pwr_mgmt_data)
                [!provide]                        PROVIDE (__stop_pwr_mgmt_data, .)

.bss            0x0000000020001434      0x158 load address 0x000000000001c074
                0x0000000020001434                . = ALIGN (0x4)
                0x0000000020001434                __bss_start__ = .
 *(.bss*)
 .bss           0x0000000020001434       0x1c /Users/rbaron/homebrew/Caskroom/gcc-arm-embedded/7-2017-q4-major/gcc-arm-none-eabi-7-2017-q4-major/bin/../lib/gcc/arm-none-eabi/7.2.1/thumb/v6-m/crtbegin.o
 .bss.m_evt_schedule_func
                0x0000000020001450        0x4 _build/nrf51422_xxac_app_timer.c.o
 .bss.m_op_queue
                0x0000000020001454        0x8 _build/nrf51422_xxac_app_timer.c.o
 .bss.m_rtc1_reset
                0x000000002000145c        0x1 _build/nrf51422_xxac_app_timer.c.o
 .bss.m_rtc1_running
                0x000000002000145d        0x1 _build/nrf51422_xxac_app_timer.c.o
 *fill*         0x000000002000145e        0x2 
 .bss.m_ticks_elapsed
                0x0000000020001460        0x8 _build/nrf51422_xxac_app_timer.c.o
 .bss.m_ticks_elapsed_q_read_ind
                0x0000000020001468        0x1 _build/nrf51422_xxac_app_timer.c.o
 .bss.m_ticks_elapsed_q_write_ind
                0x0000000020001469        0x1 _build/nrf51422_xxac_app_timer.c.o
 *fill*         0x000000002000146a        0x2 
 .bss.m_ticks_latest
                0x000000002000146c        0x4 _build/nrf51422_xxac_app_timer.c.o
 .bss.mp_timer_id_head
                0x0000000020001470        0x4 _build/nrf51422_xxac_app_timer.c.o
 .bss.m_clock_cb
                0x0000000020001474       0x14 _build/nrf51422_xxac_nrf_drv_clock.c.o
 .bss.m_cb      0x0000000020001488       0x1c _build/nrf51422_xxac_nrf_drv_uart.c.o
 .bss._acDownBuffer
                0x00000000200014a4       0x10 _build/nrf51422_xxac_SEGGER_RTT.c.o
 .bss._acUpBuffer
                0x00000000200014b4       0x40 _build/nrf51422_xxac_SEGGER_RTT.c.o
 .bss.m_ble_evt_buffer_size
                0x00000000200014f4        0x2 _build/nrf51422_xxac_softdevice_handler.c.o
 *fill*         0x00000000200014f6        0x2 
 .bss.m_ble_evt_handler
                0x00000000200014f8        0x4 _build/nrf51422_xxac_softdevice_handler.c.o
 .bss.m_evt_schedule_func
                0x00000000200014fc        0x4 _build/nrf51422_xxac_softdevice_handler.c.o
 .bss.m_softdevice_enabled
                0x0000000020001500        0x1 _build/nrf51422_xxac_softdevice_handler.c.o
 .bss.m_suspended
                0x0000000020001501        0x1 _build/nrf51422_xxac_softdevice_handler.c.o
 *fill*         0x0000000020001502        0x2 
 .bss.m_sys_evt_handler
                0x0000000020001504        0x4 _build/nrf51422_xxac_softdevice_handler.c.o
 .bss.mp_ble_evt_buffer
                0x0000000020001508        0x4 _build/nrf51422_xxac_softdevice_handler.c.o
 *(COMMON)
 COMMON         0x000000002000150c        0x8 _build/nrf51422_xxac_app_util_platform.c.o
                0x000000002000150c                nrf_nvic_state
 COMMON         0x0000000020001514       0x78 _build/nrf51422_xxac_SEGGER_RTT.c.o
                0x0000000020001514                _SEGGER_RTT
                0x000000002000158c                . = ALIGN (0x4)
                0x000000002000158c                __bss_end__ = .

.heap           0x0000000020001590      0x800
                0x0000000020001590                __HeapBase = .
                0x0000000020001590                __end__ = .
                [!provide]                        PROVIDE (end, .)
 *(.heap*)
 .heap          0x0000000020001590      0x800 _build/nrf51422_xxac_gcc_startup_nrf51.S.o
                0x0000000020001d90                __HeapLimit = .

.stack_dummy    0x0000000020001590      0x800
 *(.stack*)
 .stack         0x0000000020001590      0x800 _build/nrf51422_xxac_gcc_startup_nrf51.S.o
                0x00000000200033c8                __StackTop = (ORIGIN (RAM) + LENGTH (RAM))
                0x0000000020002bc8                __StackLimit = (__StackTop - SIZEOF (.stack_dummy))
                0x00000000200033c8                PROVIDE (__stack, __StackTop)
                0x0000000000000001                ASSERT ((__StackLimit >= __HeapLimit), region RAM overflowed with stack)
OUTPUT(_build/nrf51422_xxac.out elf32-littlearm)

.ARM.attributes
                0x0000000000000000       0x28
 .ARM.attributes
                0x0000000000000000       0x1e /Users/rbaron/homebrew/Caskroom/gcc-arm-embedded/7-2017-q4-major/gcc-arm-none-eabi-7-2017-q4-major/bin/../lib/gcc/arm-none-eabi/7.2.1/thumb/v6-m/crti.o
 .ARM.attributes
                0x000000000000001e       0x2c /Users/rbaron/homebrew/Caskroom/gcc-arm-embedded/7-2017-q4-major/gcc-arm-none-eabi-7-2017-q4-major/bin/../lib/gcc/arm-none-eabi/7.2.1/thumb/v6-m/crtbegin.o
 .ARM.attributes
                0x000000000000004a       0x1b /Users/rbaron/homebrew/Caskroom/gcc-arm-embedded/7-2017-q4-major/gcc-arm-none-eabi-7-2017-q4-major/bin/../lib/gcc/arm-none-eabi/7.2.1/../../../../arm-none-eabi/lib/thumb/v6-m/crt0.o
 .ARM.attributes
                0x0000000000000065       0x2c /Users/rbaron/homebrew/Caskroom/gcc-arm-embedded/7-2017-q4-major/gcc-arm-none-eabi-7-2017-q4-major/bin/../lib/gcc/arm-none-eabi/7.2.1/../../../../arm-none-eabi/lib/thumb/v6-m/libc_nano.a(lib_a-exit.o)
 .ARM.attributes
                0x0000000000000091       0x2c /Users/rbaron/homebrew/Caskroom/gcc-arm-embedded/7-2017-q4-major/gcc-arm-none-eabi-7-2017-q4-major/bin/../lib/gcc/arm-none-eabi/7.2.1/../../../../arm-none-eabi/lib/thumb/v6-m/libc_nano.a(lib_a-impure.o)
 .ARM.attributes
                0x00000000000000bd       0x2c /Users/rbaron/homebrew/Caskroom/gcc-arm-embedded/7-2017-q4-major/gcc-arm-none-eabi-7-2017-q4-major/bin/../lib/gcc/arm-none-eabi/7.2.1/../../../../arm-none-eabi/lib/thumb/v6-m/libc_nano.a(lib_a-init.o)
 .ARM.attributes
                0x00000000000000e9       0x2c /Users/rbaron/homebrew/Caskroom/gcc-arm-embedded/7-2017-q4-major/gcc-arm-none-eabi-7-2017-q4-major/bin/../lib/gcc/arm-none-eabi/7.2.1/../../../../arm-none-eabi/lib/thumb/v6-m/libc_nano.a(lib_a-memset.o)
 .ARM.attributes
                0x0000000000000115       0x2c /Users/rbaron/homebrew/Caskroom/gcc-arm-embedded/7-2017-q4-major/gcc-arm-none-eabi-7-2017-q4-major/bin/../lib/gcc/arm-none-eabi/7.2.1/../../../../arm-none-eabi/lib/thumb/v6-m/libnosys.a(_exit.o)
 .ARM.attributes
                0x0000000000000141       0x31 _build/nrf51422_xxac_app_error.c.o
 .ARM.attributes
                0x0000000000000172       0x31 _build/nrf51422_xxac_app_error_weak.c.o
 .ARM.attributes
                0x00000000000001a3       0x31 _build/nrf51422_xxac_app_timer.c.o
 .ARM.attributes
                0x00000000000001d4       0x31 _build/nrf51422_xxac_app_util_platform.c.o
 .ARM.attributes
                0x0000000000000205       0x31 _build/nrf51422_xxac_nrf_drv_clock.c.o
 .ARM.attributes
                0x0000000000000236       0x31 _build/nrf51422_xxac_nrf_drv_uart.c.o
 .ARM.attributes
                0x0000000000000267       0x31 _build/nrf51422_xxac_main.c.o
 .ARM.attributes
                0x0000000000000298       0x31 _build/nrf51422_xxac_SEGGER_RTT.c.o
 .ARM.attributes
                0x00000000000002c9       0x1b _build/nrf51422_xxac_gcc_startup_nrf51.S.o
 .ARM.attributes
                0x00000000000002e4       0x31 _build/nrf51422_xxac_system_nrf51.c.o
 .ARM.attributes
                0x0000000000000315       0x31 _build/nrf51422_xxac_softdevice_handler.c.o
 .ARM.attributes
                0x0000000000000346       0x2c /Users/rbaron/homebrew/Caskroom/gcc-arm-embedded/7-2017-q4-major/gcc-arm-none-eabi-7-2017-q4-major/bin/../lib/gcc/arm-none-eabi/7.2.1/../../../../arm-none-eabi/lib/thumb/v6-m/libc_nano.a(lib_a-memcpy-stub.o)
 .ARM.attributes
                0x0000000000000372       0x2c /Users/rbaron/homebrew/Caskroom/gcc-arm-embedded/7-2017-q4-major/gcc-arm-none-eabi-7-2017-q4-major/bin/../lib/gcc/arm-none-eabi/7.2.1/../../../../arm-none-eabi/lib/thumb/v6-m/libc_nano.a(lib_a-strcpy.o)
 .ARM.attributes
                0x000000000000039e       0x1c /Users/rbaron/homebrew/Caskroom/gcc-arm-embedded/7-2017-q4-major/gcc-arm-none-eabi-7-2017-q4-major/bin/../lib/gcc/arm-none-eabi/7.2.1/../../../../arm-none-eabi/lib/thumb/v6-m/libc_nano.a(lib_a-strlen.o)
 .ARM.attributes
                0x00000000000003ba       0x2c /Users/rbaron/homebrew/Caskroom/gcc-arm-embedded/7-2017-q4-major/gcc-arm-none-eabi-7-2017-q4-major/bin/../lib/gcc/arm-none-eabi/7.2.1/thumb/v6-m/crtend.o
 .ARM.attributes
                0x00000000000003e6       0x1e /Users/rbaron/homebrew/Caskroom/gcc-arm-embedded/7-2017-q4-major/gcc-arm-none-eabi-7-2017-q4-major/bin/../lib/gcc/arm-none-eabi/7.2.1/thumb/v6-m/crtn.o

.comment        0x0000000000000000       0x7e
 .comment       0x0000000000000000       0x7e _build/nrf51422_xxac_app_error.c.o
                                         0x7f (size before relaxing)
 .comment       0x000000000000007e       0x7f _build/nrf51422_xxac_app_error_weak.c.o
 .comment       0x000000000000007e       0x7f _build/nrf51422_xxac_app_timer.c.o
 .comment       0x000000000000007e       0x7f _build/nrf51422_xxac_app_util_platform.c.o
 .comment       0x000000000000007e       0x7f _build/nrf51422_xxac_nrf_drv_clock.c.o
 .comment       0x000000000000007e       0x7f _build/nrf51422_xxac_nrf_drv_uart.c.o
 .comment       0x000000000000007e       0x7f _build/nrf51422_xxac_main.c.o
 .comment       0x000000000000007e       0x7f _build/nrf51422_xxac_SEGGER_RTT.c.o
 .comment       0x000000000000007e       0x7f _build/nrf51422_xxac_system_nrf51.c.o
 .comment       0x000000000000007e       0x7f _build/nrf51422_xxac_softdevice_handler.c.o

.debug_frame    0x0000000000000000      0xaa0
 .debug_frame   0x0000000000000000       0x28 /Users/rbaron/homebrew/Caskroom/gcc-arm-embedded/7-2017-q4-major/gcc-arm-none-eabi-7-2017-q4-major/bin/../lib/gcc/arm-none-eabi/7.2.1/../../../../arm-none-eabi/lib/thumb/v6-m/libc_nano.a(lib_a-exit.o)
 .debug_frame   0x0000000000000028       0x2c /Users/rbaron/homebrew/Caskroom/gcc-arm-embedded/7-2017-q4-major/gcc-arm-none-eabi-7-2017-q4-major/bin/../lib/gcc/arm-none-eabi/7.2.1/../../../../arm-none-eabi/lib/thumb/v6-m/libc_nano.a(lib_a-init.o)
 .debug_frame   0x0000000000000054       0x20 /Users/rbaron/homebrew/Caskroom/gcc-arm-embedded/7-2017-q4-major/gcc-arm-none-eabi-7-2017-q4-major/bin/../lib/gcc/arm-none-eabi/7.2.1/../../../../arm-none-eabi/lib/thumb/v6-m/libc_nano.a(lib_a-memset.o)
 .debug_frame   0x0000000000000074       0x20 /Users/rbaron/homebrew/Caskroom/gcc-arm-embedded/7-2017-q4-major/gcc-arm-none-eabi-7-2017-q4-major/bin/../lib/gcc/arm-none-eabi/7.2.1/../../../../arm-none-eabi/lib/thumb/v6-m/libnosys.a(_exit.o)
 .debug_frame   0x0000000000000094       0x5c _build/nrf51422_xxac_app_error.c.o
 .debug_frame   0x00000000000000f0       0x20 _build/nrf51422_xxac_app_error_weak.c.o
 .debug_frame   0x0000000000000110      0x120 _build/nrf51422_xxac_app_timer.c.o
 .debug_frame   0x0000000000000230       0x68 _build/nrf51422_xxac_app_util_platform.c.o
 .debug_frame   0x0000000000000298      0x1c0 _build/nrf51422_xxac_nrf_drv_clock.c.o
 .debug_frame   0x0000000000000458      0x14c _build/nrf51422_xxac_nrf_drv_uart.c.o
 .debug_frame   0x00000000000005a4       0x34 _build/nrf51422_xxac_main.c.o
 .debug_frame   0x00000000000005d8      0x298 _build/nrf51422_xxac_SEGGER_RTT.c.o
 .debug_frame   0x0000000000000870       0x30 _build/nrf51422_xxac_system_nrf51.c.o
 .debug_frame   0x00000000000008a0      0x1b8 _build/nrf51422_xxac_softdevice_handler.c.o
 .debug_frame   0x0000000000000a58       0x28 /Users/rbaron/homebrew/Caskroom/gcc-arm-embedded/7-2017-q4-major/gcc-arm-none-eabi-7-2017-q4-major/bin/../lib/gcc/arm-none-eabi/7.2.1/../../../../arm-none-eabi/lib/thumb/v6-m/libc_nano.a(lib_a-memcpy-stub.o)
 .debug_frame   0x0000000000000a80       0x20 /Users/rbaron/homebrew/Caskroom/gcc-arm-embedded/7-2017-q4-major/gcc-arm-none-eabi-7-2017-q4-major/bin/../lib/gcc/arm-none-eabi/7.2.1/../../../../arm-none-eabi/lib/thumb/v6-m/libc_nano.a(lib_a-strcpy.o)

.debug_info     0x0000000000000000     0xfec6
 .debug_info    0x0000000000000000      0xb47 _build/nrf51422_xxac_app_error.c.o
 .debug_info    0x0000000000000b47      0xa12 _build/nrf51422_xxac_app_error_weak.c.o
 .debug_info    0x0000000000001559     0x2325 _build/nrf51422_xxac_app_timer.c.o
 .debug_info    0x000000000000387e      0xd56 _build/nrf51422_xxac_app_util_platform.c.o
 .debug_info    0x00000000000045d4     0x1e5d _build/nrf51422_xxac_nrf_drv_clock.c.o
 .debug_info    0x0000000000006431     0x330b _build/nrf51422_xxac_nrf_drv_uart.c.o
 .debug_info    0x000000000000973c      0xe80 _build/nrf51422_xxac_main.c.o
 .debug_info    0x000000000000a5bc     0x2b9b _build/nrf51422_xxac_SEGGER_RTT.c.o
 .debug_info    0x000000000000d157      0x1e2 _build/nrf51422_xxac_system_nrf51.c.o
 .debug_info    0x000000000000d339     0x2b8d _build/nrf51422_xxac_softdevice_handler.c.o

.debug_abbrev   0x0000000000000000     0x230a
 .debug_abbrev  0x0000000000000000      0x235 _build/nrf51422_xxac_app_error.c.o
 .debug_abbrev  0x0000000000000235      0x20d _build/nrf51422_xxac_app_error_weak.c.o
 .debug_abbrev  0x0000000000000442      0x47d _build/nrf51422_xxac_app_timer.c.o
 .debug_abbrev  0x00000000000008bf      0x326 _build/nrf51422_xxac_app_util_platform.c.o
 .debug_abbrev  0x0000000000000be5      0x536 _build/nrf51422_xxac_nrf_drv_clock.c.o
 .debug_abbrev  0x000000000000111b      0x463 _build/nrf51422_xxac_nrf_drv_uart.c.o
 .debug_abbrev  0x000000000000157e      0x31e _build/nrf51422_xxac_main.c.o
 .debug_abbrev  0x000000000000189c      0x3e6 _build/nrf51422_xxac_SEGGER_RTT.c.o
 .debug_abbrev  0x0000000000001c82      0x10b _build/nrf51422_xxac_system_nrf51.c.o
 .debug_abbrev  0x0000000000001d8d      0x57d _build/nrf51422_xxac_softdevice_handler.c.o

.debug_loc      0x0000000000000000     0x76b5
 .debug_loc     0x0000000000000000      0x149 _build/nrf51422_xxac_app_error.c.o
 .debug_loc     0x0000000000000149       0x21 _build/nrf51422_xxac_app_error_weak.c.o
 .debug_loc     0x000000000000016a     0x1008 _build/nrf51422_xxac_app_timer.c.o
 .debug_loc     0x0000000000001172       0x44 _build/nrf51422_xxac_app_util_platform.c.o
 .debug_loc     0x00000000000011b6      0x4f6 _build/nrf51422_xxac_nrf_drv_clock.c.o
 .debug_loc     0x00000000000016ac     0x16e9 _build/nrf51422_xxac_nrf_drv_uart.c.o
 .debug_loc     0x0000000000002d95       0xfb _build/nrf51422_xxac_main.c.o
 .debug_loc     0x0000000000002e90     0x421a _build/nrf51422_xxac_SEGGER_RTT.c.o
 .debug_loc     0x00000000000070aa      0x60b _build/nrf51422_xxac_softdevice_handler.c.o

.debug_aranges  0x0000000000000000      0x3a8
 .debug_aranges
                0x0000000000000000       0x30 _build/nrf51422_xxac_app_error.c.o
 .debug_aranges
                0x0000000000000030       0x20 _build/nrf51422_xxac_app_error_weak.c.o
 .debug_aranges
                0x0000000000000050       0x60 _build/nrf51422_xxac_app_timer.c.o
 .debug_aranges
                0x00000000000000b0       0x38 _build/nrf51422_xxac_app_util_platform.c.o
 .debug_aranges
                0x00000000000000e8       0xb0 _build/nrf51422_xxac_nrf_drv_clock.c.o
 .debug_aranges
                0x0000000000000198       0x70 _build/nrf51422_xxac_nrf_drv_uart.c.o
 .debug_aranges
                0x0000000000000208       0x20 _build/nrf51422_xxac_main.c.o
 .debug_aranges
                0x0000000000000228       0xa0 _build/nrf51422_xxac_SEGGER_RTT.c.o
 .debug_aranges
                0x00000000000002c8       0x28 _build/nrf51422_xxac_system_nrf51.c.o
 .debug_aranges
                0x00000000000002f0       0xb8 _build/nrf51422_xxac_softdevice_handler.c.o

.debug_ranges   0x0000000000000000     0x1908
 .debug_ranges  0x0000000000000000       0x20 _build/nrf51422_xxac_app_error.c.o
 .debug_ranges  0x0000000000000020       0x10 _build/nrf51422_xxac_app_error_weak.c.o
 .debug_ranges  0x0000000000000030      0x5b8 _build/nrf51422_xxac_app_timer.c.o
 .debug_ranges  0x00000000000005e8       0x40 _build/nrf51422_xxac_app_util_platform.c.o
 .debug_ranges  0x0000000000000628      0x368 _build/nrf51422_xxac_nrf_drv_clock.c.o
 .debug_ranges  0x0000000000000990      0x4e8 _build/nrf51422_xxac_nrf_drv_uart.c.o
 .debug_ranges  0x0000000000000e78       0x78 _build/nrf51422_xxac_main.c.o
 .debug_ranges  0x0000000000000ef0      0x7c0 _build/nrf51422_xxac_SEGGER_RTT.c.o
 .debug_ranges  0x00000000000016b0       0x68 _build/nrf51422_xxac_system_nrf51.c.o
 .debug_ranges  0x0000000000001718      0x1f0 _build/nrf51422_xxac_softdevice_handler.c.o

.debug_macro    0x0000000000000000     0x3b97
 .debug_macro   0x0000000000000000      0x28f _build/nrf51422_xxac_app_error.c.o
 .debug_macro   0x000000000000028f       0x34 _build/nrf51422_xxac_app_error.c.o
 .debug_macro   0x00000000000002c3       0x22 _build/nrf51422_xxac_app_error.c.o
 .debug_macro   0x00000000000002e5       0x16 _build/nrf51422_xxac_app_error.c.o
 .debug_macro   0x00000000000002fb       0x97 _build/nrf51422_xxac_app_error.c.o
 .debug_macro   0x0000000000000392       0xf6 _build/nrf51422_xxac_app_error.c.o
 .debug_macro   0x0000000000000488       0x10 _build/nrf51422_xxac_app_error.c.o
 .debug_macro   0x0000000000000498       0x10 _build/nrf51422_xxac_app_error.c.o
 .debug_macro   0x00000000000004a8       0xb6 _build/nrf51422_xxac_app_error.c.o
 .debug_macro   0x000000000000055e       0x16 _build/nrf51422_xxac_app_error.c.o
 .debug_macro   0x0000000000000574      0x129 _build/nrf51422_xxac_app_error.c.o
 .debug_macro   0x000000000000069d       0x2b _build/nrf51422_xxac_app_error.c.o
 .debug_macro   0x00000000000006c8       0x22 _build/nrf51422_xxac_app_error.c.o
 .debug_macro   0x00000000000006ea       0x16 _build/nrf51422_xxac_app_error.c.o
 .debug_macro   0x0000000000000700      0x39b _build/nrf51422_xxac_app_error.c.o
 .debug_macro   0x0000000000000a9b      0x170 _build/nrf51422_xxac_app_error.c.o
 .debug_macro   0x0000000000000c0b       0x5a _build/nrf51422_xxac_app_error.c.o
 .debug_macro   0x0000000000000c65       0x28 _build/nrf51422_xxac_app_error.c.o
 .debug_macro   0x0000000000000c8d       0x22 _build/nrf51422_xxac_app_error.c.o
 .debug_macro   0x0000000000000caf      0x28f _build/nrf51422_xxac_app_error_weak.c.o
 .debug_macro   0x0000000000000f3e       0x1c _build/nrf51422_xxac_app_error_weak.c.o
 .debug_macro   0x0000000000000f5a      0x326 _build/nrf51422_xxac_app_timer.c.o
 .debug_macro   0x0000000000001280       0x1c _build/nrf51422_xxac_app_timer.c.o
 .debug_macro   0x000000000000129c       0x36 _build/nrf51422_xxac_app_timer.c.o
 .debug_macro   0x00000000000012d2       0x16 _build/nrf51422_xxac_app_timer.c.o
 .debug_macro   0x00000000000012e8       0x22 _build/nrf51422_xxac_app_timer.c.o
 .debug_macro   0x000000000000130a       0x16 _build/nrf51422_xxac_app_timer.c.o
 .debug_macro   0x0000000000001320       0x40 _build/nrf51422_xxac_app_timer.c.o
 .debug_macro   0x0000000000001360       0x64 _build/nrf51422_xxac_app_timer.c.o
 .debug_macro   0x00000000000013c4       0x10 _build/nrf51422_xxac_app_timer.c.o
 .debug_macro   0x00000000000013d4       0x22 _build/nrf51422_xxac_app_timer.c.o
 .debug_macro   0x00000000000013f6       0x10 _build/nrf51422_xxac_app_timer.c.o
 .debug_macro   0x0000000000001406       0x72 _build/nrf51422_xxac_app_timer.c.o
 .debug_macro   0x0000000000001478      0x262 _build/nrf51422_xxac_app_util_platform.c.o
 .debug_macro   0x00000000000016da      0x420 _build/nrf51422_xxac_nrf_drv_clock.c.o
 .debug_macro   0x0000000000001afa       0x10 _build/nrf51422_xxac_nrf_drv_clock.c.o
 .debug_macro   0x0000000000001b0a       0x28 _build/nrf51422_xxac_nrf_drv_clock.c.o
 .debug_macro   0x0000000000001b32       0x1c _build/nrf51422_xxac_nrf_drv_clock.c.o
 .debug_macro   0x0000000000001b4e       0x8f _build/nrf51422_xxac_nrf_drv_clock.c.o
 .debug_macro   0x0000000000001bdd       0xd6 _build/nrf51422_xxac_nrf_drv_clock.c.o
 .debug_macro   0x0000000000001cb3      0x1fb _build/nrf51422_xxac_nrf_drv_clock.c.o
 .debug_macro   0x0000000000001eae      0x3fa _build/nrf51422_xxac_nrf_drv_clock.c.o
 .debug_macro   0x00000000000022a8       0x40 _build/nrf51422_xxac_nrf_drv_clock.c.o
 .debug_macro   0x00000000000022e8       0x22 _build/nrf51422_xxac_nrf_drv_clock.c.o
 .debug_macro   0x000000000000230a      0x201 _build/nrf51422_xxac_nrf_drv_clock.c.o
 .debug_macro   0x000000000000250b       0x1c _build/nrf51422_xxac_nrf_drv_clock.c.o
 .debug_macro   0x0000000000002527       0xdb _build/nrf51422_xxac_nrf_drv_clock.c.o
 .debug_macro   0x0000000000002602       0x24 _build/nrf51422_xxac_nrf_drv_clock.c.o
 .debug_macro   0x0000000000002626       0x16 _build/nrf51422_xxac_nrf_drv_clock.c.o
 .debug_macro   0x000000000000263c       0x10 _build/nrf51422_xxac_nrf_drv_clock.c.o
 .debug_macro   0x000000000000264c      0x18a _build/nrf51422_xxac_nrf_drv_clock.c.o
 .debug_macro   0x00000000000027d6       0x1c _build/nrf51422_xxac_nrf_drv_clock.c.o
 .debug_macro   0x00000000000027f2       0x16 _build/nrf51422_xxac_nrf_drv_clock.c.o
 .debug_macro   0x0000000000002808      0x176 _build/nrf51422_xxac_nrf_drv_clock.c.o
 .debug_macro   0x000000000000297e      0x387 _build/nrf51422_xxac_nrf_drv_uart.c.o
 .debug_macro   0x0000000000002d05       0x10 _build/nrf51422_xxac_nrf_drv_uart.c.o
 .debug_macro   0x0000000000002d15       0x36 _build/nrf51422_xxac_nrf_drv_uart.c.o
 .debug_macro   0x0000000000002d4b      0x2e1 _build/nrf51422_xxac_main.c.o
 .debug_macro   0x000000000000302c       0x34 _build/nrf51422_xxac_main.c.o
 .debug_macro   0x0000000000003060      0x114 _build/nrf51422_xxac_main.c.o
 .debug_macro   0x0000000000003174      0x2aa _build/nrf51422_xxac_SEGGER_RTT.c.o
 .debug_macro   0x000000000000341e       0xdf _build/nrf51422_xxac_system_nrf51.c.o
 .debug_macro   0x00000000000034fd      0x3f8 _build/nrf51422_xxac_softdevice_handler.c.o
 .debug_macro   0x00000000000038f5       0x52 _build/nrf51422_xxac_softdevice_handler.c.o
 .debug_macro   0x0000000000003947       0x55 _build/nrf51422_xxac_softdevice_handler.c.o
 .debug_macro   0x000000000000399c      0x10e _build/nrf51422_xxac_softdevice_handler.c.o
 .debug_macro   0x0000000000003aaa       0x86 _build/nrf51422_xxac_softdevice_handler.c.o
 .debug_macro   0x0000000000003b30       0x57 _build/nrf51422_xxac_softdevice_handler.c.o
 .debug_macro   0x0000000000003b87       0x10 _build/nrf51422_xxac_softdevice_handler.c.o

.debug_line     0x0000000000000000     0x71fd
 .debug_line    0x0000000000000000      0x86b _build/nrf51422_xxac_app_error.c.o
 .debug_line    0x000000000000086b      0x829 _build/nrf51422_xxac_app_error_weak.c.o
 .debug_line    0x0000000000001094      0xd42 _build/nrf51422_xxac_app_timer.c.o
 .debug_line    0x0000000000001dd6      0x792 _build/nrf51422_xxac_app_util_platform.c.o
 .debug_line    0x0000000000002568      0xf68 _build/nrf51422_xxac_nrf_drv_clock.c.o
 .debug_line    0x00000000000034d0     0x103a _build/nrf51422_xxac_nrf_drv_uart.c.o
 .debug_line    0x000000000000450a      0x966 _build/nrf51422_xxac_main.c.o
 .debug_line    0x0000000000004e70     0x1099 _build/nrf51422_xxac_SEGGER_RTT.c.o
 .debug_line    0x0000000000005f09      0x4d3 _build/nrf51422_xxac_system_nrf51.c.o
 .debug_line    0x00000000000063dc      0xe21 _build/nrf51422_xxac_softdevice_handler.c.o

.debug_str      0x0000000000000000    0x402ef
 .debug_str     0x0000000000000000    0x343d9 _build/nrf51422_xxac_app_error.c.o
                                      0x346d0 (size before relaxing)
 .debug_str     0x00000000000343d9       0xeb _build/nrf51422_xxac_app_error_weak.c.o
                                      0x3461d (size before relaxing)
 .debug_str     0x00000000000344c4     0x1a68 _build/nrf51422_xxac_app_timer.c.o
                                      0x34885 (size before relaxing)
 .debug_str     0x0000000000035f2c      0x15f _build/nrf51422_xxac_app_util_platform.c.o
                                      0x30711 (size before relaxing)
 .debug_str     0x000000000003608b     0x6b06 _build/nrf51422_xxac_nrf_drv_clock.c.o
                                      0x3be41 (size before relaxing)
 .debug_str     0x000000000003cb91     0x161d _build/nrf51422_xxac_nrf_drv_uart.c.o
                                      0x36b31 (size before relaxing)
 .debug_str     0x000000000003e1ae      0x816 _build/nrf51422_xxac_main.c.o
                                      0x312ec (size before relaxing)
 .debug_str     0x000000000003e9c4      0x39a _build/nrf51422_xxac_SEGGER_RTT.c.o
                                      0x30f32 (size before relaxing)
 .debug_str     0x000000000003ed5e      0x15d _build/nrf51422_xxac_system_nrf51.c.o
                                      0x2a798 (size before relaxing)
 .debug_str     0x000000000003eebb     0x1434 _build/nrf51422_xxac_softdevice_handler.c.o
                                      0x3c4a7 (size before relaxing)
